eaetaseta
